[2022-02-18T21:03:57.439-0700][gc,heap] Heap region size: 1M
[2022-02-18T21:03:57.448-0700][gc     ] Using G1
[2022-02-18T21:03:57.448-0700][gc,heap,coops] Heap address: 0x00000007c0000000, size: 1024 MB, Compressed Oops mode: Zero based, Oop shift amount: 3
[2022-02-18T21:03:58.660-0700][gc,start     ] GC(0) Pause Young (Concurrent Start) (Metadata GC Threshold)
[2022-02-18T21:03:58.660-0700][gc,task      ] GC(0) Using 8 workers of 8 for evacuation
[2022-02-18T21:03:58.670-0700][gc,phases    ] GC(0)   Pre Evacuate Collection Set: 0.0ms
[2022-02-18T21:03:58.670-0700][gc,phases    ] GC(0)   Evacuate Collection Set: 8.2ms
[2022-02-18T21:03:58.670-0700][gc,phases    ] GC(0)   Post Evacuate Collection Set: 0.4ms
[2022-02-18T21:03:58.670-0700][gc,phases    ] GC(0)   Other: 0.9ms
[2022-02-18T21:03:58.670-0700][gc,heap      ] GC(0) Eden regions: 44->0(44)
[2022-02-18T21:03:58.670-0700][gc,heap      ] GC(0) Survivor regions: 0->7(7)
[2022-02-18T21:03:58.670-0700][gc,heap      ] GC(0) Old regions: 0->0
[2022-02-18T21:03:58.670-0700][gc,heap      ] GC(0) Humongous regions: 0->0
[2022-02-18T21:03:58.670-0700][gc,metaspace ] GC(0) Metaspace: 20736K->20736K(1069056K)
[2022-02-18T21:03:58.670-0700][gc           ] GC(0) Pause Young (Concurrent Start) (Metadata GC Threshold) 43M->6M(1024M) 9.748ms
[2022-02-18T21:03:58.670-0700][gc,cpu       ] GC(0) User=0.02s Sys=0.00s Real=0.01s
[2022-02-18T21:03:58.670-0700][gc           ] GC(1) Concurrent Cycle
[2022-02-18T21:03:58.670-0700][gc,marking   ] GC(1) Concurrent Clear Claimed Marks
[2022-02-18T21:03:58.670-0700][gc,marking   ] GC(1) Concurrent Clear Claimed Marks 0.020ms
[2022-02-18T21:03:58.670-0700][gc,marking   ] GC(1) Concurrent Scan Root Regions
[2022-02-18T21:03:58.672-0700][gc,marking   ] GC(1) Concurrent Scan Root Regions 2.143ms
[2022-02-18T21:03:58.672-0700][gc,marking   ] GC(1) Concurrent Mark (1.241s)
[2022-02-18T21:03:58.672-0700][gc,marking   ] GC(1) Concurrent Mark From Roots
[2022-02-18T21:03:58.672-0700][gc,task      ] GC(1) Using 2 workers of 2 for marking
[2022-02-18T21:03:58.673-0700][gc,marking   ] GC(1) Concurrent Mark From Roots 0.237ms
[2022-02-18T21:03:58.673-0700][gc,marking   ] GC(1) Concurrent Preclean
[2022-02-18T21:03:58.673-0700][gc,marking   ] GC(1) Concurrent Preclean 0.042ms
[2022-02-18T21:03:58.673-0700][gc,marking   ] GC(1) Concurrent Mark (1.241s, 1.242s) 0.352ms
[2022-02-18T21:03:58.673-0700][gc,start     ] GC(1) Pause Remark
[2022-02-18T21:03:58.675-0700][gc,stringtable] GC(1) Cleaned string and symbol table, strings: 7468 processed, 0 removed, symbols: 63783 processed, 33 removed
[2022-02-18T21:03:58.675-0700][gc            ] GC(1) Pause Remark 7M->7M(1024M) 2.223ms
[2022-02-18T21:03:58.675-0700][gc,cpu        ] GC(1) User=0.01s Sys=0.00s Real=0.00s
[2022-02-18T21:03:58.675-0700][gc,marking    ] GC(1) Concurrent Rebuild Remembered Sets
[2022-02-18T21:03:58.675-0700][gc,marking    ] GC(1) Concurrent Rebuild Remembered Sets 0.071ms
[2022-02-18T21:03:58.675-0700][gc,start      ] GC(1) Pause Cleanup
[2022-02-18T21:03:58.676-0700][gc            ] GC(1) Pause Cleanup 7M->7M(1024M) 0.142ms
[2022-02-18T21:03:58.676-0700][gc,cpu        ] GC(1) User=0.00s Sys=0.00s Real=0.00s
[2022-02-18T21:03:58.676-0700][gc,marking    ] GC(1) Concurrent Cleanup for Next Mark
[2022-02-18T21:03:58.681-0700][gc,marking    ] GC(1) Concurrent Cleanup for Next Mark 5.622ms
[2022-02-18T21:03:58.681-0700][gc            ] GC(1) Concurrent Cycle 11.481ms
[2022-02-18T21:04:00.129-0700][gc,start      ] GC(2) Pause Young (Normal) (G1 Evacuation Pause)
[2022-02-18T21:04:00.129-0700][gc,task       ] GC(2) Using 8 workers of 8 for evacuation
[2022-02-18T21:04:00.137-0700][gc,phases     ] GC(2)   Pre Evacuate Collection Set: 0.0ms
[2022-02-18T21:04:00.137-0700][gc,phases     ] GC(2)   Evacuate Collection Set: 7.3ms
[2022-02-18T21:04:00.137-0700][gc,phases     ] GC(2)   Post Evacuate Collection Set: 0.4ms
[2022-02-18T21:04:00.137-0700][gc,phases     ] GC(2)   Other: 0.1ms
[2022-02-18T21:04:00.137-0700][gc,heap       ] GC(2) Eden regions: 44->0(48)
[2022-02-18T21:04:00.137-0700][gc,heap       ] GC(2) Survivor regions: 7->3(7)
[2022-02-18T21:04:00.137-0700][gc,heap       ] GC(2) Old regions: 0->7
[2022-02-18T21:04:00.137-0700][gc,heap       ] GC(2) Humongous regions: 129->129
[2022-02-18T21:04:00.137-0700][gc,metaspace  ] GC(2) Metaspace: 30216K->30216K(1077248K)
[2022-02-18T21:04:00.137-0700][gc            ] GC(2) Pause Young (Normal) (G1 Evacuation Pause) 179M->137M(1024M) 7.961ms
[2022-02-18T21:04:00.137-0700][gc,cpu        ] GC(2) User=0.03s Sys=0.00s Real=0.01s
[2022-02-18T21:04:00.373-0700][gc,start      ] GC(3) Pause Young (Concurrent Start) (Metadata GC Threshold)
[2022-02-18T21:04:00.373-0700][gc,task       ] GC(3) Using 8 workers of 8 for evacuation
[2022-02-18T21:04:00.375-0700][gc,phases     ] GC(3)   Pre Evacuate Collection Set: 0.0ms
[2022-02-18T21:04:00.375-0700][gc,phases     ] GC(3)   Evacuate Collection Set: 1.7ms
[2022-02-18T21:04:00.375-0700][gc,phases     ] GC(3)   Post Evacuate Collection Set: 0.2ms
[2022-02-18T21:04:00.376-0700][gc,phases     ] GC(3)   Other: 0.2ms
[2022-02-18T21:04:00.376-0700][gc,heap       ] GC(3) Eden regions: 21->0(48)
[2022-02-18T21:04:00.376-0700][gc,heap       ] GC(3) Survivor regions: 3->3(7)
[2022-02-18T21:04:00.376-0700][gc,heap       ] GC(3) Old regions: 7->7
[2022-02-18T21:04:00.376-0700][gc,heap       ] GC(3) Humongous regions: 129->129
[2022-02-18T21:04:00.376-0700][gc,metaspace  ] GC(3) Metaspace: 34653K->34653K(1081344K)
[2022-02-18T21:04:00.376-0700][gc            ] GC(3) Pause Young (Concurrent Start) (Metadata GC Threshold) 158M->138M(1024M) 2.178ms
[2022-02-18T21:04:00.376-0700][gc,cpu        ] GC(3) User=0.01s Sys=0.00s Real=0.00s
[2022-02-18T21:04:00.376-0700][gc            ] GC(4) Concurrent Cycle
[2022-02-18T21:04:00.376-0700][gc,marking    ] GC(4) Concurrent Clear Claimed Marks
[2022-02-18T21:04:00.376-0700][gc,marking    ] GC(4) Concurrent Clear Claimed Marks 0.024ms
[2022-02-18T21:04:00.376-0700][gc,marking    ] GC(4) Concurrent Scan Root Regions
[2022-02-18T21:04:00.377-0700][gc,marking    ] GC(4) Concurrent Scan Root Regions 1.104ms
[2022-02-18T21:04:00.377-0700][gc,marking    ] GC(4) Concurrent Mark (2.946s)
[2022-02-18T21:04:00.377-0700][gc,marking    ] GC(4) Concurrent Mark From Roots
[2022-02-18T21:04:00.377-0700][gc,task       ] GC(4) Using 2 workers of 2 for marking
[2022-02-18T21:04:00.381-0700][gc,marking    ] GC(4) Concurrent Mark From Roots 4.027ms
[2022-02-18T21:04:00.381-0700][gc,marking    ] GC(4) Concurrent Preclean
[2022-02-18T21:04:00.381-0700][gc,marking    ] GC(4) Concurrent Preclean 0.052ms
[2022-02-18T21:04:00.381-0700][gc,marking    ] GC(4) Concurrent Mark (2.946s, 2.950s) 4.124ms
[2022-02-18T21:04:00.381-0700][gc,start      ] GC(4) Pause Remark
[2022-02-18T21:04:00.383-0700][gc,stringtable] GC(4) Cleaned string and symbol table, strings: 11034 processed, 7 removed, symbols: 96277 processed, 26 removed
[2022-02-18T21:04:00.383-0700][gc            ] GC(4) Pause Remark 138M->138M(1024M) 2.056ms
[2022-02-18T21:04:00.383-0700][gc,cpu        ] GC(4) User=0.01s Sys=0.00s Real=0.00s
[2022-02-18T21:04:00.383-0700][gc,marking    ] GC(4) Concurrent Rebuild Remembered Sets
[2022-02-18T21:04:00.386-0700][gc,marking    ] GC(4) Concurrent Rebuild Remembered Sets 2.437ms
[2022-02-18T21:04:00.386-0700][gc,start      ] GC(4) Pause Cleanup
[2022-02-18T21:04:00.386-0700][gc            ] GC(4) Pause Cleanup 139M->139M(1024M) 0.137ms
[2022-02-18T21:04:00.386-0700][gc,cpu        ] GC(4) User=0.00s Sys=0.00s Real=0.00s
[2022-02-18T21:04:00.386-0700][gc,marking    ] GC(4) Concurrent Cleanup for Next Mark
[2022-02-18T21:04:00.392-0700][gc,marking    ] GC(4) Concurrent Cleanup for Next Mark 6.269ms
[2022-02-18T21:04:00.392-0700][gc            ] GC(4) Concurrent Cycle 16.616ms
[2022-02-18T21:04:01.021-0700][gc,start      ] GC(5) Pause Young (Normal) (G1 Evacuation Pause)
[2022-02-18T21:04:01.029-0700][gc,task       ] GC(5) Using 8 workers of 8 for evacuation
[2022-02-18T21:04:01.035-0700][gc,phases     ] GC(5)   Pre Evacuate Collection Set: 0.0ms
[2022-02-18T21:04:01.035-0700][gc,phases     ] GC(5)   Evacuate Collection Set: 5.6ms
[2022-02-18T21:04:01.035-0700][gc,phases     ] GC(5)   Post Evacuate Collection Set: 0.5ms
[2022-02-18T21:04:01.035-0700][gc,phases     ] GC(5)   Other: 8.6ms
[2022-02-18T21:04:01.035-0700][gc,heap       ] GC(5) Eden regions: 48->0(44)
[2022-02-18T21:04:01.035-0700][gc,heap       ] GC(5) Survivor regions: 3->7(7)
[2022-02-18T21:04:01.035-0700][gc,heap       ] GC(5) Old regions: 7->7
[2022-02-18T21:04:01.035-0700][gc,heap       ] GC(5) Humongous regions: 129->129
[2022-02-18T21:04:01.035-0700][gc,metaspace  ] GC(5) Metaspace: 43005K->43005K(1089536K)
[2022-02-18T21:04:01.035-0700][gc            ] GC(5) Pause Young (Normal) (G1 Evacuation Pause) 186M->142M(1024M) 14.813ms
[2022-02-18T21:04:01.035-0700][gc,cpu        ] GC(5) User=0.04s Sys=0.00s Real=0.01s
[2022-02-18T21:41:26.427-0700][gc,start      ] GC(6) Pause Young (Normal) (G1 Evacuation Pause)
[2022-02-18T21:41:26.429-0700][gc,task       ] GC(6) Using 8 workers of 8 for evacuation
[2022-02-18T21:41:26.499-0700][gc,mmu        ] GC(6) MMU target violated: 21.0ms (20.0ms/21.0ms)
[2022-02-18T21:41:26.499-0700][gc,phases     ] GC(6)   Pre Evacuate Collection Set: 5.2ms
[2022-02-18T21:41:26.499-0700][gc,phases     ] GC(6)   Evacuate Collection Set: 59.9ms
[2022-02-18T21:41:26.499-0700][gc,phases     ] GC(6)   Post Evacuate Collection Set: 1.3ms
[2022-02-18T21:41:26.499-0700][gc,phases     ] GC(6)   Other: 7.6ms
[2022-02-18T21:41:26.499-0700][gc,heap       ] GC(6) Eden regions: 44->0(49)
[2022-02-18T21:41:26.499-0700][gc,heap       ] GC(6) Survivor regions: 7->2(7)
[2022-02-18T21:41:26.499-0700][gc,heap       ] GC(6) Old regions: 7->13
[2022-02-18T21:41:26.499-0700][gc,heap       ] GC(6) Humongous regions: 129->129
[2022-02-18T21:41:26.499-0700][gc,metaspace  ] GC(6) Metaspace: 48430K->48430K(1093632K)
[2022-02-18T21:41:26.499-0700][gc            ] GC(6) Pause Young (Normal) (G1 Evacuation Pause) 186M->143M(1024M) 72.024ms
[2022-02-18T21:41:26.499-0700][gc,cpu        ] GC(6) User=0.07s Sys=0.13s Real=0.07s
[2022-02-18T21:48:57.210-0700][gc,start      ] GC(7) Pause Young (Normal) (G1 Evacuation Pause)
[2022-02-18T21:48:57.211-0700][gc,task       ] GC(7) Using 8 workers of 8 for evacuation
[2022-02-18T21:48:57.323-0700][gc,mmu        ] GC(7) MMU target violated: 21.0ms (20.0ms/21.0ms)
[2022-02-18T21:48:57.323-0700][gc,phases     ] GC(7)   Pre Evacuate Collection Set: 2.9ms
[2022-02-18T21:48:57.323-0700][gc,phases     ] GC(7)   Evacuate Collection Set: 104.1ms
[2022-02-18T21:48:57.324-0700][gc,phases     ] GC(7)   Post Evacuate Collection Set: 1.1ms
[2022-02-18T21:48:57.324-0700][gc,phases     ] GC(7)   Other: 5.8ms
[2022-02-18T21:48:57.324-0700][gc,heap       ] GC(7) Eden regions: 49->0(46)
[2022-02-18T21:48:57.324-0700][gc,heap       ] GC(7) Survivor regions: 2->5(7)
[2022-02-18T21:48:57.324-0700][gc,heap       ] GC(7) Old regions: 13->13
[2022-02-18T21:48:57.324-0700][gc,heap       ] GC(7) Humongous regions: 129->129
[2022-02-18T21:48:57.324-0700][gc,metaspace  ] GC(7) Metaspace: 51765K->51765K(1095680K)
[2022-02-18T21:48:57.324-0700][gc            ] GC(7) Pause Young (Normal) (G1 Evacuation Pause) 192M->146M(1024M) 113.347ms
[2022-02-18T21:48:57.324-0700][gc,cpu        ] GC(7) User=0.12s Sys=0.25s Real=0.11s
[2022-02-18T21:50:41.903-0700][gc,heap,exit  ] Heap
[2022-02-18T21:50:41.904-0700][gc,heap,exit  ]  garbage-first heap   total 1048576K, used 166313K [0x00000007c0000000, 0x0000000800000000)
[2022-02-18T21:50:41.904-0700][gc,heap,exit  ]   region size 1024K, 22 young (22528K), 5 survivors (5120K)
[2022-02-18T21:50:41.904-0700][gc,heap,exit  ]  Metaspace       used 52639K, capacity 55508K, committed 55728K, reserved 1097728K
[2022-02-18T21:50:41.904-0700][gc,heap,exit  ]   class space    used 6677K, capacity 8124K, committed 8192K, reserved 1048576K
