[2022-02-18T20:52:37.983-0700][gc,heap] Heap region size: 1M
[2022-02-18T20:52:37.988-0700][gc     ] Using G1
[2022-02-18T20:52:37.988-0700][gc,heap,coops] Heap address: 0x00000007e0000000, size: 512 MB, Compressed Oops mode: Zero based, Oop shift amount: 3
[2022-02-18T20:52:38.659-0700][gc,start     ] GC(0) Pause Young (Normal) (G1 Evacuation Pause)
[2022-02-18T20:52:38.660-0700][gc,task      ] GC(0) Using 8 workers of 8 for evacuation
[2022-02-18T20:52:38.664-0700][gc,phases    ] GC(0)   Pre Evacuate Collection Set: 0.0ms
[2022-02-18T20:52:38.664-0700][gc,phases    ] GC(0)   Evacuate Collection Set: 4.0ms
[2022-02-18T20:52:38.664-0700][gc,phases    ] GC(0)   Post Evacuate Collection Set: 0.3ms
[2022-02-18T20:52:38.664-0700][gc,phases    ] GC(0)   Other: 0.4ms
[2022-02-18T20:52:38.664-0700][gc,heap      ] GC(0) Eden regions: 25->0(21)
[2022-02-18T20:52:38.664-0700][gc,heap      ] GC(0) Survivor regions: 0->4(4)
[2022-02-18T20:52:38.664-0700][gc,heap      ] GC(0) Old regions: 0->4
[2022-02-18T20:52:38.664-0700][gc,heap      ] GC(0) Humongous regions: 0->0
[2022-02-18T20:52:38.664-0700][gc,metaspace ] GC(0) Metaspace: 15186K->15186K(1062912K)
[2022-02-18T20:52:38.664-0700][gc           ] GC(0) Pause Young (Normal) (G1 Evacuation Pause) 25M->7M(512M) 4.767ms
[2022-02-18T20:52:38.664-0700][gc,cpu       ] GC(0) User=0.02s Sys=0.00s Real=0.01s
[2022-02-18T20:58:02.325-0700][gc,heap,exit ] Heap
[2022-02-18T20:58:02.326-0700][gc,heap,exit ]  garbage-first heap   total 524288K, used 11397K [0x00000007e0000000, 0x0000000800000000)
[2022-02-18T20:58:02.326-0700][gc,heap,exit ]   region size 1024K, 9 young (9216K), 4 survivors (4096K)
[2022-02-18T20:58:02.326-0700][gc,heap,exit ]  Metaspace       used 15773K, capacity 16164K, committed 16384K, reserved 1064960K
[2022-02-18T20:58:02.326-0700][gc,heap,exit ]   class space    used 1605K, capacity 1751K, committed 1792K, reserved 1048576K
